The ``7-base_geometry`` module
==============================

>>> BaseGeometry = __import__('7-base_geometry').BaseGeometry

Documentation
=============

we use __doc__ to verify module's and function's Documentation

>>> module_doc = __import__("7-base_geometry").__doc__
>>> print(len(module_doc) > 0)
True

>>> class_doc = __import__("7-base_geometry").BaseGeometry.__doc__
>>> print(len(class_doc) > 0)
True

>>> area_doc = __import__("7-base_geometry").BaseGeometry.area.__doc__
>>> print(len(area_doc) > 0)
True

>>> integer_validator_doc = __import__("7-base_geometry").BaseGeometry.integer_validator.__doc__
>>> print(len(integer_validator_doc) > 0)
True

Method Area
===========

>>> bg = BaseGeometry()
>>> try:
...     print(bg.area())
... except Exception as e:
...     print("[{}] {}".format(e.__class__.__name__, e))
... 
[Exception] area() is not implemented

Method Integer Validator
========================

>>> bg = BaseGeometry()
>>> bg.integer_validator("age", 25)
>>>

>>> bg = BaseGeometry()
>>> bg.integer_validator("age", 59)
>>>

>>> bg.integer_validator("age", "hello")
Traceback (most recent call last):
TypeError: age must be an integer

>>> bg.integer_validator("age", 0)
Traceback (most recent call last):
ValueError: age must be greater than 0

>>> bg.integer_validator("age", -10)
Traceback (most recent call last):
ValueError: age must be greater than 0
